=== Запуск эволюции стратегии Kelly ===

Поколение 1: средний капитал = 3735.33, максимальный = 8131.30
Поколение 2: средний капитал = 6700.16, максимальный = 9663.01
Поколение 3: средний капитал = 9119.11, максимальный = 11432.70
Поколение 4: средний капитал = 8897.35, максимальный = 11876.52
Поколение 5: средний капитал = 8463.14, максимальный = 10269.05
Поколение 6: средний капитал = 8643.13, максимальный = 10336.45
Поколение 7: средний капитал = 8583.08, максимальный = 11313.36
Поколение 8: средний капитал = 8870.83, максимальный = 10055.17
Поколение 9: средний капитал = 8997.74, максимальный = 11395.51
Поколение 10: средний капитал = 8777.65, максимальный = 10167.07

=== Лучшие параметры после 10 поколений ===
max_risk_per_trade = 0.1995
phi_llm = 0.3886
Достигнутый капитал = 11876.52

Капитал со стандартными параметрами (0.05, 0.15): 1573.91
Улучшение: 10302.61
[709291f5-f3f9-439d-b17b-b6961d306dca] port=8001 peers=['http://localhost:8000', 'http://localhost:8002']
[709291f5-f3f9-439d-b17b-b6961d306dca] share fitness=7812.3720
[709291f5-f3f9-439d-b17b-b6961d306dca] step=50 capital=97485078.73 dq=0.048 fitness=7812.3720 diversity=5 crdt_size=1
[Gen 2] New champion: fitness=12868.25
[709291f5-f3f9-439d-b17b-b6961d306dca] share fitness=12868.2491
[709291f5-f3f9-439d-b17b-b6961d306dca] step=100 capital=97485053.73 dq=0.048 fitness=12868.2491 diversity=6 crdt_size=4
[709291f5-f3f9-439d-b17b-b6961d306dca] share fitness=12868.2491
[709291f5-f3f9-439d-b17b-b6961d306dca] step=150 capital=97485028.73 dq=0.048 fitness=12868.2491 diversity=6 crdt_size=7
[709291f5-f3f9-439d-b17b-b6961d306dca] share fitness=12868.2491
[709291f5-f3f9-439d-b17b-b6961d306dca] step=200 capital=97485003.73 dq=0.048 fitness=12868.2491 diversity=5 crdt_size=10
[709291f5-f3f9-439d-b17b-b6961d306dca] share fitness=12868.2491
[709291f5-f3f9-439d-b17b-b6961d306dca] step=250 capital=97484978.73 dq=0.048 fitness=12868.2491 diversity=5 crdt_size=12
[709291f5-f3f9-439d-b17b-b6961d306dca] share fitness=12868.2491
[709291f5-f3f9-439d-b17b-b6961d306dca] step=300 capital=97484953.73 dq=0.048 fitness=12868.2491 diversity=7 crdt_size=14
[709291f5-f3f9-439d-b17b-b6961d306dca] share fitness=12868.2491
[709291f5-f3f9-439d-b17b-b6961d306dca] step=350 capital=97484928.73 dq=0.048 fitness=12868.2491 diversity=5 crdt_size=16
[709291f5-f3f9-439d-b17b-b6961d306dca] share fitness=12868.2491
[709291f5-f3f9-439d-b17b-b6961d306dca] step=400 capital=97484903.73 dq=0.048 fitness=12868.2491 diversity=2 crdt_size=18
[709291f5-f3f9-439d-b17b-b6961d306dca] share fitness=12868.2491
[709291f5-f3f9-439d-b17b-b6961d306dca] step=450 capital=97484878.73 dq=0.048 fitness=12868.2491 diversity=6 crdt_size=20
[Gen 10] New champion: fitness=17195.85
[709291f5-f3f9-439d-b17b-b6961d306dca] share fitness=17195.8515
[709291f5-f3f9-439d-b17b-b6961d306dca] step=500 capital=97484853.73 dq=0.048 fitness=17195.8515 diversity=7 crdt_size=22
[709291f5-f3f9-439d-b17b-b6961d306dca] share fitness=17195.8515
[709291f5-f3f9-439d-b17b-b6961d306dca] step=550 capital=97484828.73 dq=0.048 fitness=17195.8515 diversity=5 crdt_size=24
[709291f5-f3f9-439d-b17b-b6961d306dca] share fitness=17195.8515
[709291f5-f3f9-439d-b17b-b6961d306dca] step=600 capital=97484803.73 dq=0.048 fitness=17195.8515 diversity=5 crdt_size=26
[Gen 13] New champion: fitness=17360.32
[709291f5-f3f9-439d-b17b-b6961d306dca] share fitness=17360.3199
[709291f5-f3f9-439d-b17b-b6961d306dca] step=650 capital=97484778.73 dq=0.048 fitness=17360.3199 diversity=5 crdt_size=28
[Gen 14] New champion: fitness=18076.71
[709291f5-f3f9-439d-b17b-b6961d306dca] share fitness=18076.7122
[709291f5-f3f9-439d-b17b-b6961d306dca] step=700 capital=97484753.73 dq=0.048 fitness=18076.7122 diversity=6 crdt_size=30
[709291f5-f3f9-439d-b17b-b6961d306dca] share fitness=18076.7122
[709291f5-f3f9-439d-b17b-b6961d306dca] step=750 capital=97484728.73 dq=0.048 fitness=18076.7122 diversity=3 crdt_size=32
[Gen 16] New champion: fitness=18831.74
[709291f5-f3f9-439d-b17b-b6961d306dca] share fitness=18831.7375
[709291f5-f3f9-439d-b17b-b6961d306dca] step=800 capital=97484703.73 dq=0.048 fitness=18831.7375 diversity=3 crdt_size=34
[Gen 17] New champion: fitness=29486.30
[709291f5-f3f9-439d-b17b-b6961d306dca] share fitness=29486.2965
[709291f5-f3f9-439d-b17b-b6961d306dca] step=850 capital=97484678.73 dq=0.048 fitness=29486.2965 diversity=3 crdt_size=25
[Gen 18] New champion: fitness=30392.18
[709291f5-f3f9-439d-b17b-b6961d306dca] share fitness=30392.1774
[709291f5-f3f9-439d-b17b-b6961d306dca] step=900 capital=97484653.73 dq=0.048 fitness=30392.1774 diversity=5 crdt_size=27
[709291f5-f3f9-439d-b17b-b6961d306dca] share fitness=30392.1774
[709291f5-f3f9-439d-b17b-b6961d306dca] step=950 capital=97484628.73 dq=0.048 fitness=30392.1774 diversity=4 crdt_size=29
[709291f5-f3f9-439d-b17b-b6961d306dca] share fitness=30392.1774
[709291f5-f3f9-439d-b17b-b6961d306dca] step=1000 capital=97484603.73 dq=0.048 fitness=30392.1774 diversity=3 crdt_size=31
[709291f5-f3f9-439d-b17b-b6961d306dca] share fitness=30392.1774
[709291f5-f3f9-439d-b17b-b6961d306dca] step=1050 capital=97484578.73 dq=0.048 fitness=30392.1774 diversity=6 crdt_size=25
[709291f5-f3f9-439d-b17b-b6961d306dca] share fitness=30392.1774
[709291f5-f3f9-439d-b17b-b6961d306dca] step=1100 capital=97484553.73 dq=0.048 fitness=30392.1774 diversity=2 crdt_size=27
[709291f5-f3f9-439d-b17b-b6961d306dca] share fitness=30392.1774
[709291f5-f3f9-439d-b17b-b6961d306dca] step=1150 capital=97484528.73 dq=0.048 fitness=30392.1774 diversity=3 crdt_size=29
[709291f5-f3f9-439d-b17b-b6961d306dca] share fitness=30392.1774
[709291f5-f3f9-439d-b17b-b6961d306dca] step=1200 capital=97484503.73 dq=0.048 fitness=30392.1774 diversity=2 crdt_size=31
[709291f5-f3f9-439d-b17b-b6961d306dca] share fitness=30392.1774
[709291f5-f3f9-439d-b17b-b6961d306dca] step=1250 capital=97484478.73 dq=0.048 fitness=30392.1774 diversity=3 crdt_size=25
[709291f5-f3f9-439d-b17b-b6961d306dca] share fitness=30392.1774
[709291f5-f3f9-439d-b17b-b6961d306dca] step=1300 capital=97484453.73 dq=0.048 fitness=30392.1774 diversity=4 crdt_size=27
[Gen 27] New champion: fitness=49140.15
[709291f5-f3f9-439d-b17b-b6961d306dca] share fitness=49140.1544
[709291f5-f3f9-439d-b17b-b6961d306dca] step=1350 capital=97484428.73 dq=0.048 fitness=49140.1544 diversity=6 crdt_size=29
[709291f5-f3f9-439d-b17b-b6961d306dca] share fitness=49140.1544
[709291f5-f3f9-439d-b17b-b6961d306dca] step=1400 capital=97484403.73 dq=0.048 fitness=49140.1544 diversity=6 crdt_size=31
[709291f5-f3f9-439d-b17b-b6961d306dca] share fitness=49140.1544
[709291f5-f3f9-439d-b17b-b6961d306dca] step=1450 capital=97484378.73 dq=0.048 fitness=49140.1544 diversity=5 crdt_size=25
[709291f5-f3f9-439d-b17b-b6961d306dca] share fitness=49140.1544
[709291f5-f3f9-439d-b17b-b6961d306dca] step=1500 capital=97484353.73 dq=0.048 fitness=49140.1544 diversity=2 crdt_size=27
[709291f5-f3f9-439d-b17b-b6961d306dca] share fitness=49140.1544
[709291f5-f3f9-439d-b17b-b6961d306dca] step=1550 capital=97484328.73 dq=0.048 fitness=49140.1544 diversity=3 crdt_size=29
[709291f5-f3f9-439d-b17b-b6961d306dca] share fitness=49140.1544
[709291f5-f3f9-439d-b17b-b6961d306dca] step=1600 capital=97484303.73 dq=0.048 fitness=49140.1544 diversity=2 crdt_size=31
[709291f5-f3f9-439d-b17b-b6961d306dca] share fitness=49140.1544
[709291f5-f3f9-439d-b17b-b6961d306dca] step=1650 capital=97484278.73 dq=0.048 fitness=49140.1544 diversity=2 crdt_size=25
[709291f5-f3f9-439d-b17b-b6961d306dca] share fitness=49140.1544
[709291f5-f3f9-439d-b17b-b6961d306dca] step=1700 capital=97484253.73 dq=0.048 fitness=49140.1544 diversity=5 crdt_size=27
[709291f5-f3f9-439d-b17b-b6961d306dca] share fitness=49140.1544
[709291f5-f3f9-439d-b17b-b6961d306dca] step=1750 capital=97484228.73 dq=0.048 fitness=49140.1544 diversity=4 crdt_size=29
[709291f5-f3f9-439d-b17b-b6961d306dca] share fitness=49140.1544
[709291f5-f3f9-439d-b17b-b6961d306dca] step=1800 capital=97484203.73 dq=0.048 fitness=49140.1544 diversity=5 crdt_size=31
[709291f5-f3f9-439d-b17b-b6961d306dca] share fitness=49140.1544
[709291f5-f3f9-439d-b17b-b6961d306dca] step=1850 capital=97484178.73 dq=0.048 fitness=49140.1544 diversity=5 crdt_size=25
[709291f5-f3f9-439d-b17b-b6961d306dca] share fitness=49140.1544
[709291f5-f3f9-439d-b17b-b6961d306dca] step=1900 capital=97484153.73 dq=0.048 fitness=49140.1544 diversity=6 crdt_size=27
[709291f5-f3f9-439d-b17b-b6961d306dca] share fitness=49140.1544
[709291f5-f3f9-439d-b17b-b6961d306dca] step=1950 capital=97484128.73 dq=0.048 fitness=49140.1544 diversity=5 crdt_size=29
[709291f5-f3f9-439d-b17b-b6961d306dca] share fitness=49140.1544
[709291f5-f3f9-439d-b17b-b6961d306dca] step=2000 capital=97484103.73 dq=0.048 fitness=49140.1544 diversity=5 crdt_size=31
[709291f5-f3f9-439d-b17b-b6961d306dca] share fitness=49140.1544
[709291f5-f3f9-439d-b17b-b6961d306dca] step=2050 capital=97484078.73 dq=0.048 fitness=49140.1544 diversity=4 crdt_size=25
[709291f5-f3f9-439d-b17b-b6961d306dca] share fitness=49140.1544
[709291f5-f3f9-439d-b17b-b6961d306dca] step=2100 capital=97484053.73 dq=0.048 fitness=49140.1544 diversity=4 crdt_size=27
[709291f5-f3f9-439d-b17b-b6961d306dca] share fitness=49140.1544
[709291f5-f3f9-439d-b17b-b6961d306dca] step=2150 capital=97484028.73 dq=0.048 fitness=49140.1544 diversity=7 crdt_size=29
[709291f5-f3f9-439d-b17b-b6961d306dca] share fitness=49140.1544
[709291f5-f3f9-439d-b17b-b6961d306dca] step=2200 capital=97484003.73 dq=0.048 fitness=49140.1544 diversity=3 crdt_size=31
[709291f5-f3f9-439d-b17b-b6961d306dca] share fitness=49140.1544
[709291f5-f3f9-439d-b17b-b6961d306dca] step=2250 capital=97483978.73 dq=0.048 fitness=49140.1544 diversity=4 crdt_size=25
[709291f5-f3f9-439d-b17b-b6961d306dca] share fitness=49140.1544
[709291f5-f3f9-439d-b17b-b6961d306dca] step=2300 capital=97483953.73 dq=0.048 fitness=49140.1544 diversity=6 crdt_size=27
[709291f5-f3f9-439d-b17b-b6961d306dca] share fitness=49140.1544
[709291f5-f3f9-439d-b17b-b6961d306dca] step=2350 capital=97483928.73 dq=0.048 fitness=49140.1544 diversity=3 crdt_size=29
[709291f5-f3f9-439d-b17b-b6961d306dca] share fitness=49140.1544
[709291f5-f3f9-439d-b17b-b6961d306dca] step=2400 capital=97483903.73 dq=0.048 fitness=49140.1544 diversity=2 crdt_size=31
[709291f5-f3f9-439d-b17b-b6961d306dca] share fitness=49140.1544
[709291f5-f3f9-439d-b17b-b6961d306dca] step=2450 capital=97483878.73 dq=0.048 fitness=49140.1544 diversity=6 crdt_size=25
[709291f5-f3f9-439d-b17b-b6961d306dca] share fitness=49140.1544
[709291f5-f3f9-439d-b17b-b6961d306dca] step=2500 capital=97483853.73 dq=0.048 fitness=49140.1544 diversity=5 crdt_size=27
[709291f5-f3f9-439d-b17b-b6961d306dca] share fitness=49140.1544
[709291f5-f3f9-439d-b17b-b6961d306dca] step=2550 capital=97483828.73 dq=0.048 fitness=49140.1544 diversity=3 crdt_size=29
[Gen 52] New champion: fitness=51902.01
[709291f5-f3f9-439d-b17b-b6961d306dca] share fitness=51902.0149
[709291f5-f3f9-439d-b17b-b6961d306dca] step=2600 capital=97483803.73 dq=0.048 fitness=51902.0149 diversity=4 crdt_size=31
[709291f5-f3f9-439d-b17b-b6961d306dca] share fitness=51902.0149
[709291f5-f3f9-439d-b17b-b6961d306dca] step=2650 capital=97483778.73 dq=0.048 fitness=51902.0149 diversity=3 crdt_size=25
[709291f5-f3f9-439d-b17b-b6961d306dca] share fitness=51902.0149
[709291f5-f3f9-439d-b17b-b6961d306dca] step=2700 capital=97483753.73 dq=0.048 fitness=51902.0149 diversity=1 crdt_size=27
[Gen 55] New champion: fitness=72227.18
[709291f5-f3f9-439d-b17b-b6961d306dca] share fitness=72227.1788
[709291f5-f3f9-439d-b17b-b6961d306dca] step=2750 capital=97483728.73 dq=0.048 fitness=72227.1788 diversity=4 crdt_size=29
[709291f5-f3f9-439d-b17b-b6961d306dca] share fitness=72227.1788
[709291f5-f3f9-439d-b17b-b6961d306dca] step=2800 capital=97483703.73 dq=0.048 fitness=72227.1788 diversity=4 crdt_size=31
[709291f5-f3f9-439d-b17b-b6961d306dca] share fitness=72227.1788
[709291f5-f3f9-439d-b17b-b6961d306dca] step=2850 capital=97483678.73 dq=0.048 fitness=72227.1788 diversity=6 crdt_size=25
